Archive member included to satisfy reference by file (symbol)

/home/inslava/Downloads/st-stm32cubeide_1.1.0_4551_20191014_1140_amd64.sh.root/cubei/plugins/com.st.stm32cube.ide.mcu.externaltools.gnu-tools-for-stm32.7-2018-q2-update.linux64_1.0.0.201904181610/tools/bin/../lib/gcc/arm-none-eabi/7.3.1/../../../../arm-none-eabi/lib/thumb/v6-m/libc_nano.a(lib_a-errno.o)
                              Core/Src/syscalls.o (__errno)
/home/inslava/Downloads/st-stm32cubeide_1.1.0_4551_20191014_1140_amd64.sh.root/cubei/plugins/com.st.stm32cube.ide.mcu.externaltools.gnu-tools-for-stm32.7-2018-q2-update.linux64_1.0.0.201904181610/tools/bin/../lib/gcc/arm-none-eabi/7.3.1/../../../../arm-none-eabi/lib/thumb/v6-m/libc_nano.a(lib_a-exit.o)
                              /home/inslava/Downloads/st-stm32cubeide_1.1.0_4551_20191014_1140_amd64.sh.root/cubei/plugins/com.st.stm32cube.ide.mcu.externaltools.gnu-tools-for-stm32.7-2018-q2-update.linux64_1.0.0.201904181610/tools/bin/../lib/gcc/arm-none-eabi/7.3.1/../../../../arm-none-eabi/lib/thumb/v6-m/crt0.o (exit)
/home/inslava/Downloads/st-stm32cubeide_1.1.0_4551_20191014_1140_amd64.sh.root/cubei/plugins/com.st.stm32cube.ide.mcu.externaltools.gnu-tools-for-stm32.7-2018-q2-update.linux64_1.0.0.201904181610/tools/bin/../lib/gcc/arm-none-eabi/7.3.1/../../../../arm-none-eabi/lib/thumb/v6-m/libc_nano.a(lib_a-impure.o)
                              /home/inslava/Downloads/st-stm32cubeide_1.1.0_4551_20191014_1140_amd64.sh.root/cubei/plugins/com.st.stm32cube.ide.mcu.externaltools.gnu-tools-for-stm32.7-2018-q2-update.linux64_1.0.0.201904181610/tools/bin/../lib/gcc/arm-none-eabi/7.3.1/../../../../arm-none-eabi/lib/thumb/v6-m/libc_nano.a(lib_a-exit.o) (_global_impure_ptr)
/home/inslava/Downloads/st-stm32cubeide_1.1.0_4551_20191014_1140_amd64.sh.root/cubei/plugins/com.st.stm32cube.ide.mcu.externaltools.gnu-tools-for-stm32.7-2018-q2-update.linux64_1.0.0.201904181610/tools/bin/../lib/gcc/arm-none-eabi/7.3.1/../../../../arm-none-eabi/lib/thumb/v6-m/libc_nano.a(lib_a-init.o)
                              /home/inslava/Downloads/st-stm32cubeide_1.1.0_4551_20191014_1140_amd64.sh.root/cubei/plugins/com.st.stm32cube.ide.mcu.externaltools.gnu-tools-for-stm32.7-2018-q2-update.linux64_1.0.0.201904181610/tools/bin/../lib/gcc/arm-none-eabi/7.3.1/../../../../arm-none-eabi/lib/thumb/v6-m/crt0.o (__libc_init_array)
/home/inslava/Downloads/st-stm32cubeide_1.1.0_4551_20191014_1140_amd64.sh.root/cubei/plugins/com.st.stm32cube.ide.mcu.externaltools.gnu-tools-for-stm32.7-2018-q2-update.linux64_1.0.0.201904181610/tools/bin/../lib/gcc/arm-none-eabi/7.3.1/../../../../arm-none-eabi/lib/thumb/v6-m/libc_nano.a(lib_a-memcpy-stub.o)
                              Core/Src/main.o (memcpy)
/home/inslava/Downloads/st-stm32cubeide_1.1.0_4551_20191014_1140_amd64.sh.root/cubei/plugins/com.st.stm32cube.ide.mcu.externaltools.gnu-tools-for-stm32.7-2018-q2-update.linux64_1.0.0.201904181610/tools/bin/../lib/gcc/arm-none-eabi/7.3.1/../../../../arm-none-eabi/lib/thumb/v6-m/libc_nano.a(lib_a-memset.o)
                              /home/inslava/Downloads/st-stm32cubeide_1.1.0_4551_20191014_1140_amd64.sh.root/cubei/plugins/com.st.stm32cube.ide.mcu.externaltools.gnu-tools-for-stm32.7-2018-q2-update.linux64_1.0.0.201904181610/tools/bin/../lib/gcc/arm-none-eabi/7.3.1/../../../../arm-none-eabi/lib/thumb/v6-m/crt0.o (memset)
/home/inslava/Downloads/st-stm32cubeide_1.1.0_4551_20191014_1140_amd64.sh.root/cubei/plugins/com.st.stm32cube.ide.mcu.externaltools.gnu-tools-for-stm32.7-2018-q2-update.linux64_1.0.0.201904181610/tools/bin/../lib/gcc/arm-none-eabi/7.3.1/thumb/v6-m/libgcc.a(_udivsi3.o)
                              Core/Src/system_stm32f0xx.o (__aeabi_uidiv)
/home/inslava/Downloads/st-stm32cubeide_1.1.0_4551_20191014_1140_amd64.sh.root/cubei/plugins/com.st.stm32cube.ide.mcu.externaltools.gnu-tools-for-stm32.7-2018-q2-update.linux64_1.0.0.201904181610/tools/bin/../lib/gcc/arm-none-eabi/7.3.1/thumb/v6-m/libgcc.a(_dvmd_tls.o)
                              /home/inslava/Downloads/st-stm32cubeide_1.1.0_4551_20191014_1140_amd64.sh.root/cubei/plugins/com.st.stm32cube.ide.mcu.externaltools.gnu-tools-for-stm32.7-2018-q2-update.linux64_1.0.0.201904181610/tools/bin/../lib/gcc/arm-none-eabi/7.3.1/thumb/v6-m/libgcc.a(_udivsi3.o) (__aeabi_idiv0)

Allocating common symbols
Common symbol       size              file

uwTick              0x4               Drivers/STM32F0xx_HAL_Driver/Src/stm32f0xx_hal.o
pFlash              0x20              Drivers/STM32F0xx_HAL_Driver/Src/stm32f0xx_hal_flash.o
huart1              0x80              Core/Src/main.o

Discarded input sections

 .text          0x0000000000000000        0x0 /home/inslava/Downloads/st-stm32cubeide_1.1.0_4551_20191014_1140_amd64.sh.root/cubei/plugins/com.st.stm32cube.ide.mcu.externaltools.gnu-tools-for-stm32.7-2018-q2-update.linux64_1.0.0.201904181610/tools/bin/../lib/gcc/arm-none-eabi/7.3.1/thumb/v6-m/crti.o
[...]
Memory Configuration

Name             Origin             Length             Attributes
RAM              0x0000000020000000 0x0000000000001000 xrw
FLASH            0x0000000008000000 0x0000000000008000 xr
*default*        0x0000000000000000 0xffffffffffffffff

Linker script and memory map

LOAD /home/inslava/Downloads/st-stm32cubeide_1.1.0_4551_20191014_1140_amd64.sh.root/cubei/plugins/com.st.stm32cube.ide.mcu.externaltools.gnu-tools-for-stm32.7-2018-q2-update.linux64_1.0.0.201904181610/tools/bin/../lib/gcc/arm-none-eabi/7.3.1/thumb/v6-m/crti.o
LOAD /home/inslava/Downloads/st-stm32cubeide_1.1.0_4551_20191014_1140_amd64.sh.root/cubei/plugins/com.st.stm32cube.ide.mcu.externaltools.gnu-tools-for-stm32.7-2018-q2-update.linux64_1.0.0.201904181610/tools/bin/../lib/gcc/arm-none-eabi/7.3.1/thumb/v6-m/crtbegin.o
LOAD /home/inslava/Downloads/st-stm32cubeide_1.1.0_4551_20191014_1140_amd64.sh.root/cubei/plugins/com.st.stm32cube.ide.mcu.externaltools.gnu-tools-for-stm32.7-2018-q2-update.linux64_1.0.0.201904181610/tools/bin/../lib/gcc/arm-none-eabi/7.3.1/../../../../arm-none-eabi/lib/thumb/v6-m/crt0.o
LOAD Core/Src/main.o
LOAD Core/Src/stm32f0xx_hal_msp.o
LOAD Core/Src/stm32f0xx_it.o
LOAD Core/Src/syscalls.o
LOAD Core/Src/sysmem.o
LOAD Core/Src/system_stm32f0xx.o
LOAD Core/Startup/startup_stm32f031k6tx.o
LOAD Drivers/STM32F0xx_HAL_Driver/Src/stm32f0xx_hal.o
LOAD Drivers/STM32F0xx_HAL_Driver/Src/stm32f0xx_hal_cortex.o
LOAD Drivers/STM32F0xx_HAL_Driver/Src/stm32f0xx_hal_dma.o
LOAD Drivers/STM32F0xx_HAL_Driver/Src/stm32f0xx_hal_exti.o
LOAD Drivers/STM32F0xx_HAL_Driver/Src/stm32f0xx_hal_flash.o
LOAD Drivers/STM32F0xx_HAL_Driver/Src/stm32f0xx_hal_flash_ex.o
LOAD Drivers/STM32F0xx_HAL_Driver/Src/stm32f0xx_hal_gpio.o
LOAD Drivers/STM32F0xx_HAL_Driver/Src/stm32f0xx_hal_i2c.o
LOAD Drivers/STM32F0xx_HAL_Driver/Src/stm32f0xx_hal_i2c_ex.o
LOAD Drivers/STM32F0xx_HAL_Driver/Src/stm32f0xx_hal_pwr.o
LOAD Drivers/STM32F0xx_HAL_Driver/Src/stm32f0xx_hal_pwr_ex.o
LOAD Drivers/STM32F0xx_HAL_Driver/Src/stm32f0xx_hal_rcc.o
LOAD Drivers/STM32F0xx_HAL_Driver/Src/stm32f0xx_hal_rcc_ex.o
LOAD Drivers/STM32F0xx_HAL_Driver/Src/stm32f0xx_hal_tim.o
LOAD Drivers/STM32F0xx_HAL_Driver/Src/stm32f0xx_hal_tim_ex.o
LOAD Drivers/STM32F0xx_HAL_Driver/Src/stm32f0xx_hal_uart.o
LOAD Drivers/STM32F0xx_HAL_Driver/Src/stm32f0xx_hal_uart_ex.o
START GROUP
LOAD /home/inslava/Downloads/st-stm32cubeide_1.1.0_4551_20191014_1140_amd64.sh.root/cubei/plugins/com.st.stm32cube.ide.mcu.externaltools.gnu-tools-for-stm32.7-2018-q2-update.linux64_1.0.0.201904181610/tools/bin/../lib/gcc/arm-none-eabi/7.3.1/../../../../arm-none-eabi/lib/thumb/v6-m/libc_nano.a
LOAD /home/inslava/Downloads/st-stm32cubeide_1.1.0_4551_20191014_1140_amd64.sh.root/cubei/plugins/com.st.stm32cube.ide.mcu.externaltools.gnu-tools-for-stm32.7-2018-q2-update.linux64_1.0.0.201904181610/tools/bin/../lib/gcc/arm-none-eabi/7.3.1/../../../../arm-none-eabi/lib/thumb/v6-m/libm.a
END GROUP
START GROUP
LOAD /home/inslava/Downloads/st-stm32cubeide_1.1.0_4551_20191014_1140_amd64.sh.root/cubei/plugins/com.st.stm32cube.ide.mcu.externaltools.gnu-tools-for-stm32.7-2018-q2-update.linux64_1.0.0.201904181610/tools/bin/../lib/gcc/arm-none-eabi/7.3.1/thumb/v6-m/libgcc.a
LOAD /home/inslava/Downloads/st-stm32cubeide_1.1.0_4551_20191014_1140_amd64.sh.root/cubei/plugins/com.st.stm32cube.ide.mcu.externaltools.gnu-tools-for-stm32.7-2018-q2-update.linux64_1.0.0.201904181610/tools/bin/../lib/gcc/arm-none-eabi/7.3.1/../../../../arm-none-eabi/lib/thumb/v6-m/libc_nano.a
END GROUP
START GROUP
LOAD /home/inslava/Downloads/st-stm32cubeide_1.1.0_4551_20191014_1140_amd64.sh.root/cubei/plugins/com.st.stm32cube.ide.mcu.externaltools.gnu-tools-for-stm32.7-2018-q2-update.linux64_1.0.0.201904181610/tools/bin/../lib/gcc/arm-none-eabi/7.3.1/thumb/v6-m/libgcc.a
LOAD /home/inslava/Downloads/st-stm32cubeide_1.1.0_4551_20191014_1140_amd64.sh.root/cubei/plugins/com.st.stm32cube.ide.mcu.externaltools.gnu-tools-for-stm32.7-2018-q2-update.linux64_1.0.0.201904181610/tools/bin/../lib/gcc/arm-none-eabi/7.3.1/../../../../arm-none-eabi/lib/thumb/v6-m/libc_nano.a
LOAD /home/inslava/Downloads/st-stm32cubeide_1.1.0_4551_20191014_1140_amd64.sh.root/cubei/plugins/com.st.stm32cube.ide.mcu.externaltools.gnu-tools-for-stm32.7-2018-q2-update.linux64_1.0.0.201904181610/tools/bin/../lib/gcc/arm-none-eabi/7.3.1/../../../../arm-none-eabi/lib/thumb/v6-m/libnosys.a
END GROUP
START GROUP
LOAD /home/inslava/Downloads/st-stm32cubeide_1.1.0_4551_20191014_1140_amd64.sh.root/cubei/plugins/com.st.stm32cube.ide.mcu.externaltools.gnu-tools-for-stm32.7-2018-q2-update.linux64_1.0.0.201904181610/tools/bin/../lib/gcc/arm-none-eabi/7.3.1/thumb/v6-m/libgcc.a
LOAD /home/inslava/Downloads/st-stm32cubeide_1.1.0_4551_20191014_1140_amd64.sh.root/cubei/plugins/com.st.stm32cube.ide.mcu.externaltools.gnu-tools-for-stm32.7-2018-q2-update.linux64_1.0.0.201904181610/tools/bin/../lib/gcc/arm-none-eabi/7.3.1/../../../../arm-none-eabi/lib/thumb/v6-m/libc_nano.a
LOAD /home/inslava/Downloads/st-stm32cubeide_1.1.0_4551_20191014_1140_amd64.sh.root/cubei/plugins/com.st.stm32cube.ide.mcu.externaltools.gnu-tools-for-stm32.7-2018-q2-update.linux64_1.0.0.201904181610/tools/bin/../lib/gcc/arm-none-eabi/7.3.1/../../../../arm-none-eabi/lib/thumb/v6-m/libnosys.a
END GROUP
LOAD /home/inslava/Downloads/st-stm32cubeide_1.1.0_4551_20191014_1140_amd64.sh.root/cubei/plugins/com.st.stm32cube.ide.mcu.externaltools.gnu-tools-for-stm32.7-2018-q2-update.linux64_1.0.0.201904181610/tools/bin/../lib/gcc/arm-none-eabi/7.3.1/thumb/v6-m/crtend.o
LOAD /home/inslava/Downloads/st-stm32cubeide_1.1.0_4551_20191014_1140_amd64.sh.root/cubei/plugins/com.st.stm32cube.ide.mcu.externaltools.gnu-tools-for-stm32.7-2018-q2-update.linux64_1.0.0.201904181610/tools/bin/../lib/gcc/arm-none-eabi/7.3.1/thumb/v6-m/crtn.o
                0x0000000020001000                _estack = (ORIGIN (RAM) + LENGTH (RAM))
                0x0000000000000200                _Min_Heap_Size = 0x200
                0x0000000000000400                _Min_Stack_Size = 0x400

.isr_vector     0x0000000008000000       0xc0
                0x0000000008000000                . = ALIGN (0x4)
 *(.isr_vector)
 .isr_vector    0x0000000008000000       0xc0 Core/Startup/startup_stm32f031k6tx.o
                0x0000000008000000                g_pfnVectors
                0x00000000080000c0                . = ALIGN (0x4)

.text           0x00000000080000c0     0x26c8
                0x00000000080000c0                . = ALIGN (0x4)
 *(.text)
 .text          0x00000000080000c0       0x48 /home/inslava/Downloads/st-stm32cubeide_1.1.0_4551_20191014_1140_amd64.sh.root/cubei/plugins/com.st.stm32cube.ide.mcu.externaltools.gnu-tools-for-stm32.7-2018-q2-update.linux64_1.0.0.201904181610/tools/bin/../lib/gcc/arm-none-eabi/7.3.1/thumb/v6-m/crtbegin.o
 .text          0x0000000008000108      0x114 /home/inslava/Downloads/st-stm32cubeide_1.1.0_4551_20191014_1140_amd64.sh.root/cubei/plugins/com.st.stm32cube.ide.mcu.externaltools.gnu-tools-for-stm32.7-2018-q2-update.linux64_1.0.0.201904181610/tools/bin/../lib/gcc/arm-none-eabi/7.3.1/thumb/v6-m/libgcc.a(_udivsi3.o)
                0x0000000008000108                __udivsi3
                0x0000000008000108                __aeabi_uidiv
                0x0000000008000214                __aeabi_uidivmod
 .text          0x000000000800021c        0x4 /home/inslava/Downloads/st-stm32cubeide_1.1.0_4551_20191014_1140_amd64.sh.root/cubei/plugins/com.st.stm32cube.ide.mcu.externaltools.gnu-tools-for-stm32.7-2018-q2-update.linux64_1.0.0.201904181610/tools/bin/../lib/gcc/arm-none-eabi/7.3.1/thumb/v6-m/libgcc.a(_dvmd_tls.o)
                0x000000000800021c                __aeabi_ldiv0
                0x000000000800021c                __aeabi_idiv0
 *(.text*)
 .text.main     0x0000000008000220      0x138 Core/Src/main.o
                0x0000000008000220                main
 .text.SystemClock_Config
                0x0000000008000358       0xbe Core/Src/main.o
                0x0000000008000358                SystemClock_Config
 *fill*         0x0000000008000416        0x2 
 .text.MX_USART1_UART_Init
                0x0000000008000418       0x60 Core/Src/main.o
 .text.MX_GPIO_Init
                0x0000000008000478       0xac Core/Src/main.o
 .text.GetCommand
                0x0000000008000524       0x60 Core/Src/main.o
                0x0000000008000524                GetCommand
 .text.GetBlinksCount
                0x0000000008000584       0xb0 Core/Src/main.o
                0x0000000008000584                GetBlinksCount
 .text.BlinkNTimesWithDelay
                0x0000000008000634       0x54 Core/Src/main.o
                0x0000000008000634                BlinkNTimesWithDelay
 .text.atoi     0x0000000008000688       0x48 Core/Src/main.o
                0x0000000008000688                atoi
 .text.IsDigit  0x00000000080006d0       0x32 Core/Src/main.o
                0x00000000080006d0                IsDigit
 .text.IsNumber
                0x0000000008000702       0x5c Core/Src/main.o
                0x0000000008000702                IsNumber
 *fill*         0x000000000800075e        0x2 
 .text.PrintNewLine
                0x0000000008000760       0x2c Core/Src/main.o
                0x0000000008000760                PrintNewLine
 .text.Error_Handler
                0x000000000800078c        0xa Core/Src/main.o
                0x000000000800078c                Error_Handler
 *fill*         0x0000000008000796        0x2 
 .text.HAL_MspInit
                0x0000000008000798       0x48 Core/Src/stm32f0xx_hal_msp.o
                0x0000000008000798                HAL_MspInit
 .text.HAL_UART_MspInit
                0x00000000080007e0       0xac Core/Src/stm32f0xx_hal_msp.o
                0x00000000080007e0                HAL_UART_MspInit
 .text.NMI_Handler
                0x000000000800088c        0xa Core/Src/stm32f0xx_it.o
                0x000000000800088c                NMI_Handler
 .text.HardFault_Handler
                0x0000000008000896        0x6 Core/Src/stm32f0xx_it.o
                0x0000000008000896                HardFault_Handler
 .text.SVC_Handler
                0x000000000800089c        0xa Core/Src/stm32f0xx_it.o
                0x000000000800089c                SVC_Handler
 .text.PendSV_Handler
                0x00000000080008a6        0xa Core/Src/stm32f0xx_it.o
                0x00000000080008a6                PendSV_Handler
 .text.SysTick_Handler
                0x00000000080008b0        0xe Core/Src/stm32f0xx_it.o
                0x00000000080008b0                SysTick_Handler
 *fill*         0x00000000080008be        0x2 
 .text.USART1_IRQHandler
                0x00000000080008c0       0x18 Core/Src/stm32f0xx_it.o
                0x00000000080008c0                USART1_IRQHandler
 .text.SystemInit
                0x00000000080008d8        0xa Core/Src/system_stm32f0xx.o
                0x00000000080008d8                SystemInit
 *fill*         0x00000000080008e2        0x2 
 .text.Reset_Handler
                0x00000000080008e4       0x50 Core/Startup/startup_stm32f031k6tx.o
                0x00000000080008e4                Reset_Handler
 .text.Default_Handler
                0x0000000008000934        0x2 Core/Startup/startup_stm32f031k6tx.o
                0x0000000008000934                TIM1_CC_IRQHandler
                0x0000000008000934                PVD_IRQHandler
                0x0000000008000934                I2C1_IRQHandler
                0x0000000008000934                SPI1_IRQHandler
                0x0000000008000934                EXTI2_3_IRQHandler
                0x0000000008000934                ADC1_IRQHandler
                0x0000000008000934                TIM17_IRQHandler
                0x0000000008000934                RTC_IRQHandler
                0x0000000008000934                TIM16_IRQHandler
                0x0000000008000934                TIM3_IRQHandler
                0x0000000008000934                EXTI4_15_IRQHandler
                0x0000000008000934                RCC_IRQHandler
                0x0000000008000934                DMA1_Channel1_IRQHandler
                0x0000000008000934                Default_Handler
                0x0000000008000934                TIM14_IRQHandler
                0x0000000008000934                DMA1_Channel4_5_IRQHandler
                0x0000000008000934                EXTI0_1_IRQHandler
                0x0000000008000934                WWDG_IRQHandler
                0x0000000008000934                TIM2_IRQHandler
                0x0000000008000934                DMA1_Channel2_3_IRQHandler
                0x0000000008000934                FLASH_IRQHandler
                0x0000000008000934                TIM1_BRK_UP_TRG_COM_IRQHandler
 *fill*         0x0000000008000936        0x2 
 .text.HAL_Init
                0x0000000008000938       0x28 Drivers/STM32F0xx_HAL_Driver/Src/stm32f0xx_hal.o
                0x0000000008000938                HAL_Init
 .text.HAL_InitTick
                0x0000000008000960       0x68 Drivers/STM32F0xx_HAL_Driver/Src/stm32f0xx_hal.o
                0x0000000008000960                HAL_InitTick
 .text.HAL_IncTick
                0x00000000080009c8       0x24 Drivers/STM32F0xx_HAL_Driver/Src/stm32f0xx_hal.o
                0x00000000080009c8                HAL_IncTick
 .text.HAL_GetTick
                0x00000000080009ec       0x14 Drivers/STM32F0xx_HAL_Driver/Src/stm32f0xx_hal.o
                0x00000000080009ec                HAL_GetTick
 .text.HAL_Delay
                0x0000000008000a00       0x44 Drivers/STM32F0xx_HAL_Driver/Src/stm32f0xx_hal.o
                0x0000000008000a00                HAL_Delay
 .text.__NVIC_EnableIRQ
                0x0000000008000a44       0x34 Drivers/STM32F0xx_HAL_Driver/Src/stm32f0xx_hal_cortex.o
 .text.__NVIC_SetPriority
                0x0000000008000a78       0xdc Drivers/STM32F0xx_HAL_Driver/Src/stm32f0xx_hal_cortex.o
 .text.SysTick_Config
                0x0000000008000b54       0x48 Drivers/STM32F0xx_HAL_Driver/Src/stm32f0xx_hal_cortex.o
 .text.HAL_NVIC_SetPriority
                0x0000000008000b9c       0x2a Drivers/STM32F0xx_HAL_Driver/Src/stm32f0xx_hal_cortex.o
                0x0000000008000b9c                HAL_NVIC_SetPriority
 .text.HAL_NVIC_EnableIRQ
                0x0000000008000bc6       0x20 Drivers/STM32F0xx_HAL_Driver/Src/stm32f0xx_hal_cortex.o
                0x0000000008000bc6                HAL_NVIC_EnableIRQ
 .text.HAL_SYSTICK_Config
                0x0000000008000be6       0x1a Drivers/STM32F0xx_HAL_Driver/Src/stm32f0xx_hal_cortex.o
                0x0000000008000be6                HAL_SYSTICK_Config
 .text.HAL_DMA_Abort_IT
                0x0000000008000c00       0x8c Drivers/STM32F0xx_HAL_Driver/Src/stm32f0xx_hal_dma.o
                0x0000000008000c00                HAL_DMA_Abort_IT
 .text.HAL_GPIO_Init
                0x0000000008000c8c      0x2d0 Drivers/STM32F0xx_HAL_Driver/Src/stm32f0xx_hal_gpio.o
                0x0000000008000c8c                HAL_GPIO_Init
 .text.HAL_GPIO_WritePin
                0x0000000008000f5c       0x3a Drivers/STM32F0xx_HAL_Driver/Src/stm32f0xx_hal_gpio.o
                0x0000000008000f5c                HAL_GPIO_WritePin
 .text.HAL_GPIO_TogglePin
                0x0000000008000f96       0x36 Drivers/STM32F0xx_HAL_Driver/Src/stm32f0xx_hal_gpio.o
                0x0000000008000f96                HAL_GPIO_TogglePin
 .text.HAL_RCC_OscConfig
                0x0000000008000fcc      0x638 Drivers/STM32F0xx_HAL_Driver/Src/stm32f0xx_hal_rcc.o
                0x0000000008000fcc                HAL_RCC_OscConfig
 .text.HAL_RCC_ClockConfig
                0x0000000008001604      0x19c Drivers/STM32F0xx_HAL_Driver/Src/stm32f0xx_hal_rcc.o
                0x0000000008001604                HAL_RCC_ClockConfig
 .text.HAL_RCC_GetSysClockFreq
                0x00000000080017a0       0xc8 Drivers/STM32F0xx_HAL_Driver/Src/stm32f0xx_hal_rcc.o
                0x00000000080017a0                HAL_RCC_GetSysClockFreq
 .text.HAL_RCC_GetHCLKFreq
                0x0000000008001868       0x14 Drivers/STM32F0xx_HAL_Driver/Src/stm32f0xx_hal_rcc.o
                0x0000000008001868                HAL_RCC_GetHCLKFreq
 .text.HAL_RCC_GetPCLK1Freq
                0x000000000800187c       0x2c Drivers/STM32F0xx_HAL_Driver/Src/stm32f0xx_hal_rcc.o
                0x000000000800187c                HAL_RCC_GetPCLK1Freq
 .text.HAL_RCCEx_PeriphCLKConfig
                0x00000000080018a8      0x19c Drivers/STM32F0xx_HAL_Driver/Src/stm32f0xx_hal_rcc_ex.o
                0x00000000080018a8                HAL_RCCEx_PeriphCLKConfig
 .text.HAL_UART_Init
                0x0000000008001a44       0xa8 Drivers/STM32F0xx_HAL_Driver/Src/stm32f0xx_hal_uart.o
                0x0000000008001a44                HAL_UART_Init
 .text.HAL_UART_Transmit
                0x0000000008001aec      0x150 Drivers/STM32F0xx_HAL_Driver/Src/stm32f0xx_hal_uart.o
                0x0000000008001aec                HAL_UART_Transmit
 .text.HAL_UART_Receive
                0x0000000008001c3c      0x1b0 Drivers/STM32F0xx_HAL_Driver/Src/stm32f0xx_hal_uart.o
                0x0000000008001c3c                HAL_UART_Receive
 .text.HAL_UART_IRQHandler
                0x0000000008001dec      0x278 Drivers/STM32F0xx_HAL_Driver/Src/stm32f0xx_hal_uart.o
                0x0000000008001dec                HAL_UART_IRQHandler
 .text.HAL_UART_TxCpltCallback
                0x0000000008002064       0x10 Drivers/STM32F0xx_HAL_Driver/Src/stm32f0xx_hal_uart.o
                0x0000000008002064                HAL_UART_TxCpltCallback
 .text.HAL_UART_ErrorCallback
                0x0000000008002074       0x10 Drivers/STM32F0xx_HAL_Driver/Src/stm32f0xx_hal_uart.o
                0x0000000008002074                HAL_UART_ErrorCallback
 .text.UART_SetConfig
                0x0000000008002084      0x2dc Drivers/STM32F0xx_HAL_Driver/Src/stm32f0xx_hal_uart.o
                0x0000000008002084                UART_SetConfig
 .text.UART_AdvFeatureConfig
                0x0000000008002360      0x168 Drivers/STM32F0xx_HAL_Driver/Src/stm32f0xx_hal_uart.o
                0x0000000008002360                UART_AdvFeatureConfig
 .text.UART_CheckIdleState
                0x00000000080024c8       0x8c Drivers/STM32F0xx_HAL_Driver/Src/stm32f0xx_hal_uart.o
                0x00000000080024c8                UART_CheckIdleState
 .text.UART_WaitOnFlagUntilTimeout
                0x0000000008002554       0xfc Drivers/STM32F0xx_HAL_Driver/Src/stm32f0xx_hal_uart.o
                0x0000000008002554                UART_WaitOnFlagUntilTimeout
 .text.UART_EndRxTransfer
                0x0000000008002650       0x40 Drivers/STM32F0xx_HAL_Driver/Src/stm32f0xx_hal_uart.o
 .text.UART_DMAAbortOnError
                0x0000000008002690       0x2e Drivers/STM32F0xx_HAL_Driver/Src/stm32f0xx_hal_uart.o
 .text.UART_EndTransmit_IT
                0x00000000080026be       0x34 Drivers/STM32F0xx_HAL_Driver/Src/stm32f0xx_hal_uart.o
 .text.HAL_UARTEx_WakeupCallback
                0x00000000080026f2       0x10 Drivers/STM32F0xx_HAL_Driver/Src/stm32f0xx_hal_uart_ex.o
                0x00000000080026f2                HAL_UARTEx_WakeupCallback
 *fill*         0x0000000008002702        0x2 
 .text.__libc_init_array
                0x0000000008002704       0x48 /home/inslava/Downloads/st-stm32cubeide_1.1.0_4551_20191014_1140_amd64.sh.root/cubei/plugins/com.st.stm32cube.ide.mcu.externaltools.gnu-tools-for-stm32.7-2018-q2-update.linux64_1.0.0.201904181610/tools/bin/../lib/gcc/arm-none-eabi/7.3.1/../../../../arm-none-eabi/lib/thumb/v6-m/libc_nano.a(lib_a-init.o)
                0x0000000008002704                __libc_init_array
 .text.memcpy   0x000000000800274c       0x12 /home/inslava/Downloads/st-stm32cubeide_1.1.0_4551_20191014_1140_amd64.sh.root/cubei/plugins/com.st.stm32cube.ide.mcu.externaltools.gnu-tools-for-stm32.7-2018-q2-update.linux64_1.0.0.201904181610/tools/bin/../lib/gcc/arm-none-eabi/7.3.1/../../../../arm-none-eabi/lib/thumb/v6-m/libc_nano.a(lib_a-memcpy-stub.o)
                0x000000000800274c                memcpy
 .text.memset   0x000000000800275e       0x10 /home/inslava/Downloads/st-stm32cubeide_1.1.0_4551_20191014_1140_amd64.sh.root/cubei/plugins/com.st.stm32cube.ide.mcu.externaltools.gnu-tools-for-stm32.7-2018-q2-update.linux64_1.0.0.201904181610/tools/bin/../lib/gcc/arm-none-eabi/7.3.1/../../../../arm-none-eabi/lib/thumb/v6-m/libc_nano.a(lib_a-memset.o)
                0x000000000800275e                memset
 *(.glue_7)
 .glue_7        0x000000000800276e        0x0 linker stubs
 *(.glue_7t)
 .glue_7t       0x000000000800276e        0x0 linker stubs
 *(.eh_frame)
 *fill*         0x000000000800276e        0x2 
 .eh_frame      0x0000000008002770        0x0 /home/inslava/Downloads/st-stm32cubeide_1.1.0_4551_20191014_1140_amd64.sh.root/cubei/plugins/com.st.stm32cube.ide.mcu.externaltools.gnu-tools-for-stm32.7-2018-q2-update.linux64_1.0.0.201904181610/tools/bin/../lib/gcc/arm-none-eabi/7.3.1/thumb/v6-m/crtbegin.o
 *(.init)
 .init          0x0000000008002770        0x4 /home/inslava/Downloads/st-stm32cubeide_1.1.0_4551_20191014_1140_amd64.sh.root/cubei/plugins/com.st.stm32cube.ide.mcu.externaltools.gnu-tools-for-stm32.7-2018-q2-update.linux64_1.0.0.201904181610/tools/bin/../lib/gcc/arm-none-eabi/7.3.1/thumb/v6-m/crti.o
                0x0000000008002770                _init
 .init          0x0000000008002774        0x8 /home/inslava/Downloads/st-stm32cubeide_1.1.0_4551_20191014_1140_amd64.sh.root/cubei/plugins/com.st.stm32cube.ide.mcu.externaltools.gnu-tools-for-stm32.7-2018-q2-update.linux64_1.0.0.201904181610/tools/bin/../lib/gcc/arm-none-eabi/7.3.1/thumb/v6-m/crtn.o
 *(.fini)
 .fini          0x000000000800277c        0x4 /home/inslava/Downloads/st-stm32cubeide_1.1.0_4551_20191014_1140_amd64.sh.root/cubei/plugins/com.st.stm32cube.ide.mcu.externaltools.gnu-tools-for-stm32.7-2018-q2-update.linux64_1.0.0.201904181610/tools/bin/../lib/gcc/arm-none-eabi/7.3.1/thumb/v6-m/crti.o
                0x000000000800277c                _fini
 .fini          0x0000000008002780        0x8 /home/inslava/Downloads/st-stm32cubeide_1.1.0_4551_20191014_1140_amd64.sh.root/cubei/plugins/com.st.stm32cube.ide.mcu.externaltools.gnu-tools-for-stm32.7-2018-q2-update.linux64_1.0.0.201904181610/tools/bin/../lib/gcc/arm-none-eabi/7.3.1/thumb/v6-m/crtn.o
                0x0000000008002788                . = ALIGN (0x4)
                0x0000000008002788                _etext = .

.vfp11_veneer   0x0000000008002788        0x0
 .vfp11_veneer  0x0000000008002788        0x0 linker stubs

.v4_bx          0x0000000008002788        0x0
 .v4_bx         0x0000000008002788        0x0 linker stubs

.iplt           0x0000000008002788        0x0
 .iplt          0x0000000008002788        0x0 /home/inslava/Downloads/st-stm32cubeide_1.1.0_4551_20191014_1140_amd64.sh.root/cubei/plugins/com.st.stm32cube.ide.mcu.externaltools.gnu-tools-for-stm32.7-2018-q2-update.linux64_1.0.0.201904181610/tools/bin/../lib/gcc/arm-none-eabi/7.3.1/thumb/v6-m/crtbegin.o

.rodata         0x0000000008002788      0x120
                0x0000000008002788                . = ALIGN (0x4)
 *(.rodata)
 .rodata        0x0000000008002788       0xe6 Core/Src/main.o
 *fill*         0x000000000800286e        0x2 
 .rodata        0x0000000008002870       0x20 Drivers/STM32F0xx_HAL_Driver/Src/stm32f0xx_hal_rcc.o
 *(.rodata*)
 .rodata.AHBPrescTable
                0x0000000008002890       0x10 Core/Src/system_stm32f0xx.o
                0x0000000008002890                AHBPrescTable
 .rodata.APBPrescTable
                0x00000000080028a0        0x8 Core/Src/system_stm32f0xx.o
                0x00000000080028a0                APBPrescTable
                0x00000000080028a8                . = ALIGN (0x4)

.rel.dyn        0x00000000080028a8        0x0
 .rel.iplt      0x00000000080028a8        0x0 /home/inslava/Downloads/st-stm32cubeide_1.1.0_4551_20191014_1140_amd64.sh.root/cubei/plugins/com.st.stm32cube.ide.mcu.externaltools.gnu-tools-for-stm32.7-2018-q2-update.linux64_1.0.0.201904181610/tools/bin/../lib/gcc/arm-none-eabi/7.3.1/thumb/v6-m/crtbegin.o

.ARM.extab      0x00000000080028a8        0x0
                0x00000000080028a8                . = ALIGN (0x4)
 *(.ARM.extab* .gnu.linkonce.armextab.*)
                0x00000000080028a8                . = ALIGN (0x4)

.ARM            0x00000000080028a8        0x0
                0x00000000080028a8                . = ALIGN (0x4)
                0x00000000080028a8                __exidx_start = .
 *(.ARM.exidx*)
                0x00000000080028a8                __exidx_end = .
                0x00000000080028a8                . = ALIGN (0x4)

.preinit_array  0x00000000080028a8        0x0
                0x00000000080028a8                . = ALIGN (0x4)
                0x00000000080028a8                PROVIDE (__preinit_array_start = .)
 *(.preinit_array*)
                0x00000000080028a8                PROVIDE (__preinit_array_end = .)
                0x00000000080028a8                . = ALIGN (0x4)

.init_array     0x00000000080028a8        0x4
                0x00000000080028a8                . = ALIGN (0x4)
                0x00000000080028a8                PROVIDE (__init_array_start = .)
 *(SORT_BY_NAME(.init_array.*))
 *(.init_array*)
 .init_array    0x00000000080028a8        0x4 /home/inslava/Downloads/st-stm32cubeide_1.1.0_4551_20191014_1140_amd64.sh.root/cubei/plugins/com.st.stm32cube.ide.mcu.externaltools.gnu-tools-for-stm32.7-2018-q2-update.linux64_1.0.0.201904181610/tools/bin/../lib/gcc/arm-none-eabi/7.3.1/thumb/v6-m/crtbegin.o
                0x00000000080028ac                PROVIDE (__init_array_end = .)
                0x00000000080028ac                . = ALIGN (0x4)

.fini_array     0x00000000080028ac        0x4
                0x00000000080028ac                . = ALIGN (0x4)
                [!provide]                        PROVIDE (__fini_array_start = .)
 *(SORT_BY_NAME(.fini_array.*))
 *(.fini_array*)
 .fini_array    0x00000000080028ac        0x4 /home/inslava/Downloads/st-stm32cubeide_1.1.0_4551_20191014_1140_amd64.sh.root/cubei/plugins/com.st.stm32cube.ide.mcu.externaltools.gnu-tools-for-stm32.7-2018-q2-update.linux64_1.0.0.201904181610/tools/bin/../lib/gcc/arm-none-eabi/7.3.1/thumb/v6-m/crtbegin.o
                [!provide]                        PROVIDE (__fini_array_end = .)
                0x00000000080028b0                . = ALIGN (0x4)
                0x00000000080028b0                _sidata = LOADADDR (.data)

.data           0x0000000020000000        0xc load address 0x00000000080028b0
                0x0000000020000000                . = ALIGN (0x4)
                0x0000000020000000                _sdata = .
 *(.data)
 *(.data*)
 .data.SystemCoreClock
                0x0000000020000000        0x4 Core/Src/system_stm32f0xx.o
                0x0000000020000000                SystemCoreClock
 .data.uwTickPrio
                0x0000000020000004        0x4 Drivers/STM32F0xx_HAL_Driver/Src/stm32f0xx_hal.o
                0x0000000020000004                uwTickPrio
 .data.uwTickFreq
                0x0000000020000008        0x1 Drivers/STM32F0xx_HAL_Driver/Src/stm32f0xx_hal.o
                0x0000000020000008                uwTickFreq
                0x000000002000000c                . = ALIGN (0x4)
 *fill*         0x0000000020000009        0x3 
                0x000000002000000c                _edata = .

.igot.plt       0x000000002000000c        0x0 load address 0x00000000080028bc
 .igot.plt      0x000000002000000c        0x0 /home/inslava/Downloads/st-stm32cubeide_1.1.0_4551_20191014_1140_amd64.sh.root/cubei/plugins/com.st.stm32cube.ide.mcu.externaltools.gnu-tools-for-stm32.7-2018-q2-update.linux64_1.0.0.201904181610/tools/bin/../lib/gcc/arm-none-eabi/7.3.1/thumb/v6-m/crtbegin.o
                0x000000002000000c                . = ALIGN (0x4)

.bss            0x000000002000000c       0xa0 load address 0x00000000080028bc
                0x000000002000000c                _sbss = .
                0x000000002000000c                __bss_start__ = _sbss
 *(.bss)
 .bss           0x000000002000000c       0x1c /home/inslava/Downloads/st-stm32cubeide_1.1.0_4551_20191014_1140_amd64.sh.root/cubei/plugins/com.st.stm32cube.ide.mcu.externaltools.gnu-tools-for-stm32.7-2018-q2-update.linux64_1.0.0.201904181610/tools/bin/../lib/gcc/arm-none-eabi/7.3.1/thumb/v6-m/crtbegin.o
 *(.bss*)
 *(COMMON)
 COMMON         0x0000000020000028       0x80 Core/Src/main.o
                0x0000000020000028                huart1
 COMMON         0x00000000200000a8        0x4 Drivers/STM32F0xx_HAL_Driver/Src/stm32f0xx_hal.o
                0x00000000200000a8                uwTick
                0x00000000200000ac                . = ALIGN (0x4)
                0x00000000200000ac                _ebss = .
                0x00000000200000ac                __bss_end__ = _ebss

._user_heap_stack
                0x00000000200000ac      0x604 load address 0x00000000080028bc
                0x00000000200000b0                . = ALIGN (0x8)
 *fill*         0x00000000200000ac        0x4 
                0x00000000200000b0                PROVIDE (end = .)
                [!provide]                        PROVIDE (_end = .)
                0x00000000200002b0                . = (. + _Min_Heap_Size)
 *fill*         0x00000000200000b0      0x200 
                0x00000000200006b0                . = (. + _Min_Stack_Size)
 *fill*         0x00000000200002b0      0x400 
                0x00000000200006b0                . = ALIGN (0x8)

/DISCARD/
 libc.a(*)
 libm.a(*)
 libgcc.a(*)

.ARM.attributes
                0x0000000000000000       0x28
 *(.ARM.attributes)
 .ARM.attributes
                0x0000000000000000       0x1e /home/inslava/Downloads/st-stm32cubeide_1.1.0_4551_20191014_1140_amd64.sh.root/cubei/plugins/com.st.stm32cube.ide.mcu.externaltools.gnu-tools-for-stm32.7-2018-q2-update.linux64_1.0.0.201904181610/tools/bin/../lib/gcc/arm-none-eabi/7.3.1/thumb/v6-m/crti.o
 .ARM.attributes
                0x000000000000001e       0x2c /home/inslava/Downloads/st-stm32cubeide_1.1.0_4551_20191014_1140_amd64.sh.root/cubei/plugins/com.st.stm32cube.ide.mcu.externaltools.gnu-tools-for-stm32.7-2018-q2-update.linux64_1.0.0.201904181610/tools/bin/../lib/gcc/arm-none-eabi/7.3.1/thumb/v6-m/crtbegin.o
 .ARM.attributes
                0x000000000000004a       0x31 Core/Src/main.o
 .ARM.attributes
                0x000000000000007b       0x31 Core/Src/stm32f0xx_hal_msp.o
 .ARM.attributes
                0x00000000000000ac       0x31 Core/Src/stm32f0xx_it.o
 .ARM.attributes
                0x00000000000000dd       0x31 Core/Src/system_stm32f0xx.o
 .ARM.attributes
                0x000000000000010e       0x21 Core/Startup/startup_stm32f031k6tx.o
 .ARM.attributes
                0x000000000000012f       0x31 Drivers/STM32F0xx_HAL_Driver/Src/stm32f0xx_hal.o
 .ARM.attributes
                0x0000000000000160       0x31 Drivers/STM32F0xx_HAL_Driver/Src/stm32f0xx_hal_cortex.o
 .ARM.attributes
                0x0000000000000191       0x31 Drivers/STM32F0xx_HAL_Driver/Src/stm32f0xx_hal_dma.o
 .ARM.attributes
                0x00000000000001c2       0x31 Drivers/STM32F0xx_HAL_Driver/Src/stm32f0xx_hal_gpio.o
 .ARM.attributes
                0x00000000000001f3       0x31 Drivers/STM32F0xx_HAL_Driver/Src/stm32f0xx_hal_rcc.o
 .ARM.attributes
                0x0000000000000224       0x31 Drivers/STM32F0xx_HAL_Driver/Src/stm32f0xx_hal_rcc_ex.o
 .ARM.attributes
                0x0000000000000255       0x31 Drivers/STM32F0xx_HAL_Driver/Src/stm32f0xx_hal_uart.o
 .ARM.attributes
                0x0000000000000286       0x31 Drivers/STM32F0xx_HAL_Driver/Src/stm32f0xx_hal_uart_ex.o
 .ARM.attributes
                0x00000000000002b7       0x2c /home/inslava/Downloads/st-stm32cubeide_1.1.0_4551_20191014_1140_amd64.sh.root/cubei/plugins/com.st.stm32cube.ide.mcu.externaltools.gnu-tools-for-stm32.7-2018-q2-update.linux64_1.0.0.201904181610/tools/bin/../lib/gcc/arm-none-eabi/7.3.1/../../../../arm-none-eabi/lib/thumb/v6-m/libc_nano.a(lib_a-init.o)
 .ARM.attributes
                0x00000000000002e3       0x2c /home/inslava/Downloads/st-stm32cubeide_1.1.0_4551_20191014_1140_amd64.sh.root/cubei/plugins/com.st.stm32cube.ide.mcu.externaltools.gnu-tools-for-stm32.7-2018-q2-update.linux64_1.0.0.201904181610/tools/bin/../lib/gcc/arm-none-eabi/7.3.1/../../../../arm-none-eabi/lib/thumb/v6-m/libc_nano.a(lib_a-memcpy-stub.o)
 .ARM.attributes
                0x000000000000030f       0x2c /home/inslava/Downloads/st-stm32cubeide_1.1.0_4551_20191014_1140_amd64.sh.root/cubei/plugins/com.st.stm32cube.ide.mcu.externaltools.gnu-tools-for-stm32.7-2018-q2-update.linux64_1.0.0.201904181610/tools/bin/../lib/gcc/arm-none-eabi/7.3.1/../../../../arm-none-eabi/lib/thumb/v6-m/libc_nano.a(lib_a-memset.o)
 .ARM.attributes
                0x000000000000033b       0x1e /home/inslava/Downloads/st-stm32cubeide_1.1.0_4551_20191014_1140_amd64.sh.root/cubei/plugins/com.st.stm32cube.ide.mcu.externaltools.gnu-tools-for-stm32.7-2018-q2-update.linux64_1.0.0.201904181610/tools/bin/../lib/gcc/arm-none-eabi/7.3.1/thumb/v6-m/libgcc.a(_udivsi3.o)
 .ARM.attributes
                0x0000000000000359       0x1e /home/inslava/Downloads/st-stm32cubeide_1.1.0_4551_20191014_1140_amd64.sh.root/cubei/plugins/com.st.stm32cube.ide.mcu.externaltools.gnu-tools-for-stm32.7-2018-q2-update.linux64_1.0.0.201904181610/tools/bin/../lib/gcc/arm-none-eabi/7.3.1/thumb/v6-m/libgcc.a(_dvmd_tls.o)
 .ARM.attributes
                0x0000000000000377       0x1e /home/inslava/Downloads/st-stm32cubeide_1.1.0_4551_20191014_1140_amd64.sh.root/cubei/plugins/com.st.stm32cube.ide.mcu.externaltools.gnu-tools-for-stm32.7-2018-q2-update.linux64_1.0.0.201904181610/tools/bin/../lib/gcc/arm-none-eabi/7.3.1/thumb/v6-m/crtn.o
OUTPUT(2laba_fokin.elf elf32-littlearm)

.debug_info     0x0000000000000000     0x663b
 .debug_info    0x0000000000000000      0xdb1 Core/Src/main.o
 .debug_info    0x0000000000000db1      0x992 Core/Src/stm32f0xx_hal_msp.o
 .debug_info    0x0000000000001743      0x6c1 Core/Src/stm32f0xx_it.o
 .debug_info    0x0000000000001e04      0x29e Core/Src/system_stm32f0xx.o
 .debug_info    0x00000000000020a2       0x22 Core/Startup/startup_stm32f031k6tx.o
 .debug_info    0x00000000000020c4      0x673 Drivers/STM32F0xx_HAL_Driver/Src/stm32f0xx_hal.o
 .debug_info    0x0000000000002737      0x750 Drivers/STM32F0xx_HAL_Driver/Src/stm32f0xx_hal_cortex.o
 .debug_info    0x0000000000002e87      0x79f Drivers/STM32F0xx_HAL_Driver/Src/stm32f0xx_hal_dma.o
 .debug_info    0x0000000000003626      0x661 Drivers/STM32F0xx_HAL_Driver/Src/stm32f0xx_hal_gpio.o
 .debug_info    0x0000000000003c87      0x80a Drivers/STM32F0xx_HAL_Driver/Src/stm32f0xx_hal_rcc.o
 .debug_info    0x0000000000004491      0x3cb Drivers/STM32F0xx_HAL_Driver/Src/stm32f0xx_hal_rcc_ex.o
 .debug_info    0x000000000000485c     0x156d Drivers/STM32F0xx_HAL_Driver/Src/stm32f0xx_hal_uart.o
 .debug_info    0x0000000000005dc9      0x872 Drivers/STM32F0xx_HAL_Driver/Src/stm32f0xx_hal_uart_ex.o

.debug_abbrev   0x0000000000000000     0x1678
 .debug_abbrev  0x0000000000000000      0x2b3 Core/Src/main.o
 .debug_abbrev  0x00000000000002b3      0x195 Core/Src/stm32f0xx_hal_msp.o
 .debug_abbrev  0x0000000000000448      0x158 Core/Src/stm32f0xx_it.o
 .debug_abbrev  0x00000000000005a0      0x12b Core/Src/system_stm32f0xx.o
 .debug_abbrev  0x00000000000006cb       0x12 Core/Startup/startup_stm32f031k6tx.o
 .debug_abbrev  0x00000000000006dd      0x1f2 Drivers/STM32F0xx_HAL_Driver/Src/stm32f0xx_hal.o
 .debug_abbrev  0x00000000000008cf      0x273 Drivers/STM32F0xx_HAL_Driver/Src/stm32f0xx_hal_cortex.o
 .debug_abbrev  0x0000000000000b42      0x1ed Drivers/STM32F0xx_HAL_Driver/Src/stm32f0xx_hal_dma.o
 .debug_abbrev  0x0000000000000d2f      0x1c0 Drivers/STM32F0xx_HAL_Driver/Src/stm32f0xx_hal_gpio.o
 .debug_abbrev  0x0000000000000eef      0x20f Drivers/STM32F0xx_HAL_Driver/Src/stm32f0xx_hal_rcc.o
 .debug_abbrev  0x00000000000010fe      0x175 Drivers/STM32F0xx_HAL_Driver/Src/stm32f0xx_hal_rcc_ex.o
 .debug_abbrev  0x0000000000001273      0x214 Drivers/STM32F0xx_HAL_Driver/Src/stm32f0xx_hal_uart.o
 .debug_abbrev  0x0000000000001487      0x1f1 Drivers/STM32F0xx_HAL_Driver/Src/stm32f0xx_hal_uart_ex.o

.debug_aranges  0x0000000000000000      0x6c0
 .debug_aranges
                0x0000000000000000       0x78 Core/Src/main.o
 .debug_aranges
                0x0000000000000078       0x30 Core/Src/stm32f0xx_hal_msp.o
 .debug_aranges
                0x00000000000000a8       0x48 Core/Src/stm32f0xx_it.o
 .debug_aranges
                0x00000000000000f0       0x28 Core/Src/system_stm32f0xx.o
 .debug_aranges
                0x0000000000000118       0x28 Core/Startup/startup_stm32f031k6tx.o
 .debug_aranges
                0x0000000000000140       0xd0 Drivers/STM32F0xx_HAL_Driver/Src/stm32f0xx_hal.o
 .debug_aranges
                0x0000000000000210       0xc0 Drivers/STM32F0xx_HAL_Driver/Src/stm32f0xx_hal_cortex.o
 .debug_aranges
                0x00000000000002d0       0x88 Drivers/STM32F0xx_HAL_Driver/Src/stm32f0xx_hal_dma.o
 .debug_aranges
                0x0000000000000358       0x58 Drivers/STM32F0xx_HAL_Driver/Src/stm32f0xx_hal_gpio.o
 .debug_aranges
                0x00000000000003b0       0x80 Drivers/STM32F0xx_HAL_Driver/Src/stm32f0xx_hal_rcc.o
 .debug_aranges
                0x0000000000000430       0x30 Drivers/STM32F0xx_HAL_Driver/Src/stm32f0xx_hal_rcc_ex.o
 .debug_aranges
                0x0000000000000460      0x210 Drivers/STM32F0xx_HAL_Driver/Src/stm32f0xx_hal_uart.o
 .debug_aranges
                0x0000000000000670       0x50 Drivers/STM32F0xx_HAL_Driver/Src/stm32f0xx_hal_uart_ex.o

.debug_ranges   0x0000000000000000      0x610
 .debug_ranges  0x0000000000000000       0x80 Core/Src/main.o
 .debug_ranges  0x0000000000000080       0x20 Core/Src/stm32f0xx_hal_msp.o
 .debug_ranges  0x00000000000000a0       0x38 Core/Src/stm32f0xx_it.o
 .debug_ranges  0x00000000000000d8       0x18 Core/Src/system_stm32f0xx.o
 .debug_ranges  0x00000000000000f0       0x20 Core/Startup/startup_stm32f031k6tx.o
 .debug_ranges  0x0000000000000110       0xc0 Drivers/STM32F0xx_HAL_Driver/Src/stm32f0xx_hal.o
 .debug_ranges  0x00000000000001d0       0xb0 Drivers/STM32F0xx_HAL_Driver/Src/stm32f0xx_hal_cortex.o
 .debug_ranges  0x0000000000000280       0x78 Drivers/STM32F0xx_HAL_Driver/Src/stm32f0xx_hal_dma.o
 .debug_ranges  0x00000000000002f8       0x48 Drivers/STM32F0xx_HAL_Driver/Src/stm32f0xx_hal_gpio.o
 .debug_ranges  0x0000000000000340       0x70 Drivers/STM32F0xx_HAL_Driver/Src/stm32f0xx_hal_rcc.o
 .debug_ranges  0x00000000000003b0       0x20 Drivers/STM32F0xx_HAL_Driver/Src/stm32f0xx_hal_rcc_ex.o
 .debug_ranges  0x00000000000003d0      0x200 Drivers/STM32F0xx_HAL_Driver/Src/stm32f0xx_hal_uart.o
 .debug_ranges  0x00000000000005d0       0x40 Drivers/STM32F0xx_HAL_Driver/Src/stm32f0xx_hal_uart_ex.o

.debug_macro    0x0000000000000000     0xbe22
 .debug_macro   0x0000000000000000      0x1c5 Core/Src/main.o
 .debug_macro   0x00000000000001c5      0xa48 Core/Src/main.o
 .debug_macro   0x0000000000000c0d      0x12d Core/Src/main.o
 .debug_macro   0x0000000000000d3a       0x2e Core/Src/main.o
 .debug_macro   0x0000000000000d68       0x22 Core/Src/main.o
 .debug_macro   0x0000000000000d8a       0x22 Core/Src/main.o
 .debug_macro   0x0000000000000dac       0x8e Core/Src/main.o
 .debug_macro   0x0000000000000e3a       0x51 Core/Src/main.o
 .debug_macro   0x0000000000000e8b       0xef Core/Src/main.o
 .debug_macro   0x0000000000000f7a       0x6a Core/Src/main.o
 .debug_macro   0x0000000000000fe4      0x1df Core/Src/main.o
 .debug_macro   0x00000000000011c3       0x1c Core/Src/main.o
 .debug_macro   0x00000000000011df       0x22 Core/Src/main.o
 .debug_macro   0x0000000000001201       0xb5 Core/Src/main.o
 .debug_macro   0x00000000000012b6      0x391 Core/Src/main.o
 .debug_macro   0x0000000000001647     0x753d Core/Src/main.o
 .debug_macro   0x0000000000008b84       0x3c Core/Src/main.o
 .debug_macro   0x0000000000008bc0      0x174 Core/Src/main.o
 .debug_macro   0x0000000000008d34       0x53 Core/Src/main.o
 .debug_macro   0x0000000000008d87      0x924 Core/Src/main.o
 .debug_macro   0x00000000000096ab       0xe5 Core/Src/main.o
 .debug_macro   0x0000000000009790      0x12f Core/Src/main.o
 .debug_macro   0x00000000000098bf       0xce Core/Src/main.o
 .debug_macro   0x000000000000998d      0x199 Core/Src/main.o
 .debug_macro   0x0000000000009b26      0x1ed Core/Src/main.o
 .debug_macro   0x0000000000009d13       0x34 Core/Src/main.o
 .debug_macro   0x0000000000009d47       0x43 Core/Src/main.o
 .debug_macro   0x0000000000009d8a       0x28 Core/Src/main.o
 .debug_macro   0x0000000000009db2       0xb0 Core/Src/main.o
 .debug_macro   0x0000000000009e62      0x15a Core/Src/main.o
 .debug_macro   0x0000000000009fbc      0x22c Core/Src/main.o
 .debug_macro   0x000000000000a1e8       0x5f Core/Src/main.o
 .debug_macro   0x000000000000a247       0xa5 Core/Src/main.o
 .debug_macro   0x000000000000a2ec       0x4c Core/Src/main.o
 .debug_macro   0x000000000000a338      0x112 Core/Src/main.o
 .debug_macro   0x000000000000a44a      0x589 Core/Src/main.o
 .debug_macro   0x000000000000a9d3       0x3e Core/Src/main.o
 .debug_macro   0x000000000000aa11      0x106 Core/Src/main.o
 .debug_macro   0x000000000000ab17       0x4c Core/Src/main.o
 .debug_macro   0x000000000000ab63      0x1b3 Core/Src/stm32f0xx_hal_msp.o
 .debug_macro   0x000000000000ad16      0x1bd Core/Src/stm32f0xx_it.o
 .debug_macro   0x000000000000aed3      0x1a4 Core/Src/system_stm32f0xx.o
 .debug_macro   0x000000000000b077      0x1c8 Drivers/STM32F0xx_HAL_Driver/Src/stm32f0xx_hal.o
 .debug_macro   0x000000000000b23f      0x1a4 Drivers/STM32F0xx_HAL_Driver/Src/stm32f0xx_hal_cortex.o
 .debug_macro   0x000000000000b3e3      0x1a4 Drivers/STM32F0xx_HAL_Driver/Src/stm32f0xx_hal_dma.o
 .debug_macro   0x000000000000b587      0x1dc Drivers/STM32F0xx_HAL_Driver/Src/stm32f0xx_hal_gpio.o
 .debug_macro   0x000000000000b763      0x1b6 Drivers/STM32F0xx_HAL_Driver/Src/stm32f0xx_hal_rcc.o
 .debug_macro   0x000000000000b919      0x1a4 Drivers/STM32F0xx_HAL_Driver/Src/stm32f0xx_hal_rcc_ex.o
 .debug_macro   0x000000000000babd      0x1c1 Drivers/STM32F0xx_HAL_Driver/Src/stm32f0xx_hal_uart.o
 .debug_macro   0x000000000000bc7e      0x1a4 Drivers/STM32F0xx_HAL_Driver/Src/stm32f0xx_hal_uart_ex.o

.debug_line     0x0000000000000000     0x6ee1
 .debug_line    0x0000000000000000      0x8bd Core/Src/main.o
 .debug_line    0x00000000000008bd      0x761 Core/Src/stm32f0xx_hal_msp.o
 .debug_line    0x000000000000101e      0x795 Core/Src/stm32f0xx_it.o
 .debug_line    0x00000000000017b3      0x749 Core/Src/system_stm32f0xx.o
 .debug_line    0x0000000000001efc       0x89 Core/Startup/startup_stm32f031k6tx.o
 .debug_line    0x0000000000001f85      0x8e5 Drivers/STM32F0xx_HAL_Driver/Src/stm32f0xx_hal.o
 .debug_line    0x000000000000286a      0x8fd Drivers/STM32F0xx_HAL_Driver/Src/stm32f0xx_hal_cortex.o
 .debug_line    0x0000000000003167      0x943 Drivers/STM32F0xx_HAL_Driver/Src/stm32f0xx_hal_dma.o
 .debug_line    0x0000000000003aaa      0x897 Drivers/STM32F0xx_HAL_Driver/Src/stm32f0xx_hal_gpio.o
 .debug_line    0x0000000000004341      0x9a6 Drivers/STM32F0xx_HAL_Driver/Src/stm32f0xx_hal_rcc.o
 .debug_line    0x0000000000004ce7      0x800 Drivers/STM32F0xx_HAL_Driver/Src/stm32f0xx_hal_rcc_ex.o
 .debug_line    0x00000000000054e7     0x11d2 Drivers/STM32F0xx_HAL_Driver/Src/stm32f0xx_hal_uart.o
 .debug_line    0x00000000000066b9      0x828 Drivers/STM32F0xx_HAL_Driver/Src/stm32f0xx_hal_uart_ex.o

.debug_str      0x0000000000000000    0x42a84
 .debug_str     0x0000000000000000    0x411a6 Core/Src/main.o
                                      0x4140a (size before relaxing)
 .debug_str     0x00000000000411a6      0x15c Core/Src/stm32f0xx_hal_msp.o
                                      0x41271 (size before relaxing)
 .debug_str     0x0000000000041302       0x88 Core/Src/stm32f0xx_it.o
                                      0x41089 (size before relaxing)
 .debug_str     0x000000000004138a       0x5f Core/Src/system_stm32f0xx.o
                                      0x40b42 (size before relaxing)
 .debug_str     0x00000000000413e9       0x36 Core/Startup/startup_stm32f031k6tx.o
                                         0x66 (size before relaxing)
 .debug_str     0x000000000004141f      0x39c Drivers/STM32F0xx_HAL_Driver/Src/stm32f0xx_hal.o
                                      0x4102c (size before relaxing)
 .debug_str     0x00000000000417bb      0x20c Drivers/STM32F0xx_HAL_Driver/Src/stm32f0xx_hal_cortex.o
                                      0x40ee0 (size before relaxing)
 .debug_str     0x00000000000419c7      0x24d Drivers/STM32F0xx_HAL_Driver/Src/stm32f0xx_hal_dma.o
                                      0x40f1a (size before relaxing)
 .debug_str     0x0000000000041c14      0x20e Drivers/STM32F0xx_HAL_Driver/Src/stm32f0xx_hal_gpio.o
                                      0x40dde (size before relaxing)
 .debug_str     0x0000000000041e22      0x254 Drivers/STM32F0xx_HAL_Driver/Src/stm32f0xx_hal_rcc.o
                                      0x40f4c (size before relaxing)
 .debug_str     0x0000000000042076       0xb1 Drivers/STM32F0xx_HAL_Driver/Src/stm32f0xx_hal_rcc_ex.o
                                      0x40c7e (size before relaxing)
 .debug_str     0x0000000000042127      0x7f4 Drivers/STM32F0xx_HAL_Driver/Src/stm32f0xx_hal_uart.o
                                      0x41757 (size before relaxing)
 .debug_str     0x000000000004291b      0x169 Drivers/STM32F0xx_HAL_Driver/Src/stm32f0xx_hal_uart_ex.o
                                      0x41036 (size before relaxing)

.comment        0x0000000000000000       0x7b
 .comment       0x0000000000000000       0x7b Core/Src/main.o
                                         0x7c (size before relaxing)
 .comment       0x000000000000007b       0x7c Core/Src/stm32f0xx_hal_msp.o
 .comment       0x000000000000007b       0x7c Core/Src/stm32f0xx_it.o
 .comment       0x000000000000007b       0x7c Core/Src/system_stm32f0xx.o
 .comment       0x000000000000007b       0x7c Drivers/STM32F0xx_HAL_Driver/Src/stm32f0xx_hal.o
 .comment       0x000000000000007b       0x7c Drivers/STM32F0xx_HAL_Driver/Src/stm32f0xx_hal_cortex.o
 .comment       0x000000000000007b       0x7c Drivers/STM32F0xx_HAL_Driver/Src/stm32f0xx_hal_dma.o
 .comment       0x000000000000007b       0x7c Drivers/STM32F0xx_HAL_Driver/Src/stm32f0xx_hal_gpio.o
 .comment       0x000000000000007b       0x7c Drivers/STM32F0xx_HAL_Driver/Src/stm32f0xx_hal_rcc.o
 .comment       0x000000000000007b       0x7c Drivers/STM32F0xx_HAL_Driver/Src/stm32f0xx_hal_rcc_ex.o
 .comment       0x000000000000007b       0x7c Drivers/STM32F0xx_HAL_Driver/Src/stm32f0xx_hal_uart.o
 .comment       0x000000000000007b       0x7c Drivers/STM32F0xx_HAL_Driver/Src/stm32f0xx_hal_uart_ex.o

.debug_frame    0x0000000000000000     0x16a4
 .debug_frame   0x0000000000000000      0x190 Core/Src/main.o
 .debug_frame   0x0000000000000190       0x70 Core/Src/stm32f0xx_hal_msp.o
 .debug_frame   0x0000000000000200       0xb8 Core/Src/stm32f0xx_it.o
 .debug_frame   0x00000000000002b8       0x4c Core/Src/system_stm32f0xx.o
 .debug_frame   0x0000000000000304      0x2a4 Drivers/STM32F0xx_HAL_Driver/Src/stm32f0xx_hal.o
 .debug_frame   0x00000000000005a8      0x2a0 Drivers/STM32F0xx_HAL_Driver/Src/stm32f0xx_hal_cortex.o
 .debug_frame   0x0000000000000848      0x1d0 Drivers/STM32F0xx_HAL_Driver/Src/stm32f0xx_hal_dma.o
 .debug_frame   0x0000000000000a18      0x110 Drivers/STM32F0xx_HAL_Driver/Src/stm32f0xx_hal_gpio.o
 .debug_frame   0x0000000000000b28      0x198 Drivers/STM32F0xx_HAL_Driver/Src/stm32f0xx_hal_rcc.o
 .debug_frame   0x0000000000000cc0       0x70 Drivers/STM32F0xx_HAL_Driver/Src/stm32f0xx_hal_rcc_ex.o
 .debug_frame   0x0000000000000d30      0x7f0 Drivers/STM32F0xx_HAL_Driver/Src/stm32f0xx_hal_uart.o
 .debug_frame   0x0000000000001520       0xf0 Drivers/STM32F0xx_HAL_Driver/Src/stm32f0xx_hal_uart_ex.o
 .debug_frame   0x0000000000001610       0x2c /home/inslava/Downloads/st-stm32cubeide_1.1.0_4551_20191014_1140_amd64.sh.root/cubei/plugins/com.st.stm32cube.ide.mcu.externaltools.gnu-tools-for-stm32.7-2018-q2-update.linux64_1.0.0.201904181610/tools/bin/../lib/gcc/arm-none-eabi/7.3.1/../../../../arm-none-eabi/lib/thumb/v6-m/libc_nano.a(lib_a-init.o)
 .debug_frame   0x000000000000163c       0x28 /home/inslava/Downloads/st-stm32cubeide_1.1.0_4551_20191014_1140_amd64.sh.root/cubei/plugins/com.st.stm32cube.ide.mcu.externaltools.gnu-tools-for-stm32.7-2018-q2-update.linux64_1.0.0.201904181610/tools/bin/../lib/gcc/arm-none-eabi/7.3.1/../../../../arm-none-eabi/lib/thumb/v6-m/libc_nano.a(lib_a-memcpy-stub.o)
 .debug_frame   0x0000000000001664       0x20 /home/inslava/Downloads/st-stm32cubeide_1.1.0_4551_20191014_1140_amd64.sh.root/cubei/plugins/com.st.stm32cube.ide.mcu.externaltools.gnu-tools-for-stm32.7-2018-q2-update.linux64_1.0.0.201904181610/tools/bin/../lib/gcc/arm-none-eabi/7.3.1/../../../../arm-none-eabi/lib/thumb/v6-m/libc_nano.a(lib_a-memset.o)
 .debug_frame   0x0000000000001684       0x20 /home/inslava/Downloads/st-stm32cubeide_1.1.0_4551_20191014_1140_amd64.sh.root/cubei/plugins/com.st.stm32cube.ide.mcu.externaltools.gnu-tools-for-stm32.7-2018-q2-update.linux64_1.0.0.201904181610/tools/bin/../lib/gcc/arm-none-eabi/7.3.1/thumb/v6-m/libgcc.a(_udivsi3.o)
